ERC report (2026-08-03T12:37:24, Encoding UTF8)
Report includes: Errors, Warnings

***** Sheet /
[lib_symbol_issues]: The current configuration does not include the symbol library 'pup'
    ; warning
    @(38.10 mm, 38.10 mm): Symbol J1 [BarrelJack]
[lib_symbol_issues]: The current configuration does not include the symbol library 'pup'
    ; warning
    @(38.10 mm, 76.20 mm): Symbol J2 [BarrelJack]
[lib_symbol_issues]: The current configuration does not include the symbol library 'pup'
    ; warning
    @(68.58 mm, 38.10 mm): Symbol F1 [F]
[lib_symbol_issues]: The current configuration does not include the symbol library 'pup'
    ; warning
    @(68.58 mm, 76.20 mm): Symbol F2 [F]
[lib_symbol_issues]: The current configuration does not include the symbol library 'pup'
    ; warning
    @(68.58 mm, 114.30 mm): Symbol VR1 [OKI78SR5]
[lib_symbol_issues]: The current configuration does not include the symbol library 'pup'
    ; warning
    @(68.58 mm, 152.40 mm): Symbol J5 [MiniFit_2x03]
[lib_symbol_issues]: The current configuration does not include the symbol library 'pup'
    ; warning
    @(68.58 mm, 195.58 mm): Symbol #FLG01 [PWR_FLAG]
[lib_symbol_issues]: The current configuration does not include the symbol library 'pup'
    ; warning
    @(99.06 mm, 38.10 mm): Symbol SW1A [SW]
[lib_symbol_issues]: The current configuration does not include the symbol library 'pup'
    ; warning
    @(99.06 mm, 76.20 mm): Symbol SW1B [SW]
[lib_symbol_issues]: The current configuration does not include the symbol library 'pup'
    ; warning
    @(114.30 mm, 114.30 mm): Symbol C5 [C]
[lib_symbol_issues]: The current configuration does not include the symbol library 'pup'
    ; warning
    @(114.30 mm, 195.58 mm): Symbol #FLG02 [PWR_FLAG]
[lib_symbol_issues]: The current configuration does not include the symbol library 'pup'
    ; warning
    @(129.54 mm, 38.10 mm): Symbol D1 [D_Schottky]
[lib_symbol_issues]: The current configuration does not include the symbol library 'pup'
    ; warning
    @(129.54 mm, 76.20 mm): Symbol D2 [D_Schottky]
[lib_symbol_issues]: The current configuration does not include the symbol library 'pup'
    ; warning
    @(144.78 mm, 114.30 mm): Symbol C6 [C]
[lib_symbol_issues]: The current configuration does not include the symbol library 'pup'
    ; warning
    @(144.78 mm, 152.40 mm): Symbol J6 [MiniFit_2x03]
[lib_symbol_issues]: The current configuration does not include the symbol library 'pup'
    ; warning
    @(160.02 mm, 38.10 mm): Symbol C1 [CP]
[lib_symbol_issues]: The current configuration does not include the symbol library 'pup'
    ; warning
    @(160.02 mm, 76.20 mm): Symbol C3 [CP]
[lib_symbol_issues]: The current configuration does not include the symbol library 'pup'
    ; warning
    @(175.26 mm, 114.30 mm): Symbol C7 [CP]
[lib_symbol_issues]: The current configuration does not include the symbol library 'pup'
    ; warning
    @(190.50 mm, 38.10 mm): Symbol C2 [C]
[lib_symbol_issues]: The current configuration does not include the symbol library 'pup'
    ; warning
    @(190.50 mm, 76.20 mm): Symbol C4 [C]
[lib_symbol_issues]: The current configuration does not include the symbol library 'pup'
    ; warning
    @(205.74 mm, 114.30 mm): Symbol R3 [R]
[lib_symbol_issues]: The current configuration does not include the symbol library 'pup'
    ; warning
    @(220.98 mm, 38.10 mm): Symbol R1 [R]
[lib_symbol_issues]: The current configuration does not include the symbol library 'pup'
    ; warning
    @(220.98 mm, 76.20 mm): Symbol R2 [R]
[lib_symbol_issues]: The current configuration does not include the symbol library 'pup'
    ; warning
    @(236.22 mm, 114.30 mm): Symbol D5 [LED]
[lib_symbol_issues]: The current configuration does not include the symbol library 'pup'
    ; warning
    @(251.46 mm, 38.10 mm): Symbol D3 [LED]
[lib_symbol_issues]: The current configuration does not include the symbol library 'pup'
    ; warning
    @(251.46 mm, 76.20 mm): Symbol D4 [LED]
[lib_symbol_issues]: The current configuration does not include the symbol library 'pup'
    ; warning
    @(281.94 mm, 114.30 mm): Symbol J3 [USB_A]

 ** ERC messages: 27  Errors 0  Warnings 27

 ** Ignored checks:
    - Global label only appears once in the schematic
    - Four connection points are joined together
    - SPICE model issue
    - Assigned footprint doesn't match footprint filters
